$ ./bin/ls -a data | ./bin/head -n 1
.
$ ./bin/ls -a data | ./bin/head -n 2000
.
..
pwd.txt
.hidden.txt
empty.txt
$ quit

