A=5
A=5
B=6
C=7
A=5
$ ./bin/env A=5 ./bin/env
$ ./bin/env A=5 B=6 C=7 ./bin/env
$ ./bin/env A=5 B=6 C=7 ./bin/env | head -n 1
$ quit

