.
.
..
.hidden.txt
empty.txt
pwd.txt
$ ./bin/ls -a data | ./bin/head -n 1
$ ./bin/ls -a data | ./bin/head -n 2000
$ quit

