.
..
.hidden.txt
empty.txt
pwd.txt
0 empty.txt
9 pwd.txt
4096 .
4096 ..
5 .hidden.txt
0 empty.txt
9 pwd.txt
#
$ ./bin/ls -a data
$ ./bin/ls -s data
$ ./bin/ls -sa data
$ ./bin/head -n 1 Makefile
$ quit

