$ cd /usr/bin
$ pwd
/usr/bin
$ which ls
/bin/ls
$ quit

